c:\program files (x86)\steam\steamapps\common\quake 2\rerelease\q1q2\src\rerelease\game\x64\release\bot_utils.obj
c:\program files (x86)\steam\steamapps\common\quake 2\rerelease\q1q2\src\rerelease\game\x64\release\g_svcmds.obj
c:\program files (x86)\steam\steamapps\common\quake 2\rerelease\q1q2\src\rerelease\game\x64\release\m_arachnid.obj
c:\program files (x86)\steam\steamapps\common\quake 2\rerelease\q1q2\src\rerelease\game\x64\release\m_dog_strogg.obj
c:\program files (x86)\steam\steamapps\common\quake 2\rerelease\q1q2\src\rerelease\game\x64\release\m_flyer.obj
c:\program files (x86)\steam\steamapps\common\quake 2\rerelease\q1q2\src\rerelease\game\x64\release\m_insane_spawn.obj
c:\program files (x86)\steam\steamapps\common\quake 2\rerelease\q1q2\src\rerelease\game\x64\release\m_ogre_shotgun_strogg.obj
c:\program files (x86)\steam\steamapps\common\quake 2\rerelease\q1q2\src\rerelease\game\x64\release\m_soldier.obj
c:\program files (x86)\steam\steamapps\common\quake 2\rerelease\q1q2\src\rerelease\game\x64\release\m_wizard_strogg.obj
c:\program files (x86)\steam\steamapps\common\quake 2\rerelease\q1q2\src\rerelease\game\x64\release\g_rogue_func.obj
c:\program files (x86)\steam\steamapps\common\quake 2\rerelease\q1q2\src\rerelease\game\x64\release\g_rogue_sphere.obj
c:\program files (x86)\steam\steamapps\common\quake 2\rerelease\q1q2\src\rerelease\game\x64\release\g_xatrix_misc.obj
c:\program files (x86)\steam\steamapps\common\quake 2\rerelease\q1q2\src\rerelease\game\x64\release\g_chase.obj
c:\program files (x86)\steam\steamapps\common\quake 2\rerelease\q1q2\src\rerelease\game\x64\release\g_misc_q1q2.obj
c:\program files (x86)\steam\steamapps\common\quake 2\rerelease\q1q2\src\rerelease\game\x64\release\g_utils.obj
c:\program files (x86)\steam\steamapps\common\quake 2\rerelease\q1q2\src\rerelease\game\x64\release\m_chthon.obj
c:\program files (x86)\steam\steamapps\common\quake 2\rerelease\q1q2\src\rerelease\game\x64\release\m_fishgunner.obj
c:\program files (x86)\steam\steamapps\common\quake 2\rerelease\q1q2\src\rerelease\game\x64\release\m_hover.obj
c:\program files (x86)\steam\steamapps\common\quake 2\rerelease\q1q2\src\rerelease\game\x64\release\m_ogrestrogg.obj
c:\program files (x86)\steam\steamapps\common\quake 2\rerelease\q1q2\src\rerelease\game\x64\release\m_shamedic_strogg.obj
c:\program files (x86)\steam\steamapps\common\quake 2\rerelease\q1q2\src\rerelease\game\x64\release\m_wizard_barracuda_strogg.obj
c:\program files (x86)\steam\steamapps\common\quake 2\rerelease\q1q2\src\rerelease\game\x64\release\q_std.obj
c:\program files (x86)\steam\steamapps\common\quake 2\rerelease\q1q2\src\rerelease\game\x64\release\g_rogue_spawn.obj
c:\program files (x86)\steam\steamapps\common\quake 2\rerelease\q1q2\src\rerelease\game\x64\release\g_xatrix_items.obj
c:\program files (x86)\steam\steamapps\common\quake 2\rerelease\q1q2\src\rerelease\game\x64\release\g_combat.obj
c:\program files (x86)\steam\steamapps\common\quake 2\rerelease\q1q2\src\rerelease\game\x64\release\g_phys.obj
c:\program files (x86)\steam\steamapps\common\quake 2\rerelease\q1q2\src\rerelease\game\x64\release\g_weapon.obj
c:\program files (x86)\steam\steamapps\common\quake 2\rerelease\q1q2\src\rerelease\game\x64\release\m_chtjor.obj
c:\program files (x86)\steam\steamapps\common\quake 2\rerelease\q1q2\src\rerelease\game\x64\release\m_flipper.obj
c:\program files (x86)\steam\steamapps\common\quake 2\rerelease\q1q2\src\rerelease\game\x64\release\m_infantry.obj
c:\program files (x86)\steam\steamapps\common\quake 2\rerelease\q1q2\src\rerelease\game\x64\release\m_ogre.obj
c:\program files (x86)\steam\steamapps\common\quake 2\rerelease\q1q2\src\rerelease\game\x64\release\m_shambler_strogg.obj
c:\program files (x86)\steam\steamapps\common\quake 2\rerelease\q1q2\src\rerelease\game\x64\release\m_wizard.obj
c:\program files (x86)\steam\steamapps\common\quake 2\rerelease\q1q2\src\rerelease\game\x64\release\p_weapon.obj
c:\program files (x86)\steam\steamapps\common\quake 2\rerelease\q1q2\src\rerelease\game\x64\release\g_rogue_phys.obj
c:\program files (x86)\steam\steamapps\common\quake 2\rerelease\q1q2\src\rerelease\game\x64\release\rogue_dm_tag.obj
c:\program files (x86)\steam\steamapps\common\quake 2\rerelease\q1q2\src\rerelease\game\x64\release\g_cmds.obj
c:\program files (x86)\steam\steamapps\common\quake 2\rerelease\q1q2\src\rerelease\game\x64\release\g_target.obj
c:\program files (x86)\steam\steamapps\common\quake 2\rerelease\q1q2\src\rerelease\game\x64\release\m_brain.obj
c:\program files (x86)\steam\steamapps\common\quake 2\rerelease\q1q2\src\rerelease\game\x64\release\m_fiend_prototype.obj
c:\program files (x86)\steam\steamapps\common\quake 2\rerelease\q1q2\src\rerelease\game\x64\release\m_hknight_hyper.obj
c:\program files (x86)\steam\steamapps\common\quake 2\rerelease\q1q2\src\rerelease\game\x64\release\m_mutant.obj
c:\program files (x86)\steam\steamapps\common\quake 2\rerelease\q1q2\src\rerelease\game\x64\release\m_shamacudda.obj
c:\program files (x86)\steam\steamapps\common\quake 2\rerelease\q1q2\src\rerelease\game\x64\release\m_supershamblertank.obj
c:\program files (x86)\steam\steamapps\common\quake 2\rerelease\q1q2\src\rerelease\game\x64\release\p_move.obj
c:\program files (x86)\steam\steamapps\common\quake 2\rerelease\q1q2\src\rerelease\game\x64\release\g_rogue_newai.obj
c:\program files (x86)\steam\steamapps\common\quake 2\rerelease\q1q2\src\rerelease\game\x64\release\m_rogue_turret.obj
c:\program files (x86)\steam\steamapps\common\quake 2\rerelease\q1q2\src\rerelease\game\x64\release\m_xatrix_gekk.obj
c:\program files (x86)\steam\steamapps\common\quake 2\rerelease\q1q2\src\rerelease\game\x64\release\cg_main.obj
c:\program files (x86)\steam\steamapps\common\quake 2\rerelease\q1q2\src\rerelease\game\x64\release\g_func.obj
c:\program files (x86)\steam\steamapps\common\quake 2\rerelease\q1q2\src\rerelease\game\x64\release\g_turret.obj
c:\program files (x86)\steam\steamapps\common\quake 2\rerelease\q1q2\src\rerelease\game\x64\release\m_dog.obj
c:\program files (x86)\steam\steamapps\common\quake 2\rerelease\q1q2\src\rerelease\game\x64\release\m_float.obj
c:\program files (x86)\steam\steamapps\common\quake 2\rerelease\q1q2\src\rerelease\game\x64\release\m_insane.obj
c:\program files (x86)\steam\steamapps\common\quake 2\rerelease\q1q2\src\rerelease\game\x64\release\m_ogre_prototype.obj
c:\program files (x86)\steam\steamapps\common\quake 2\rerelease\q1q2\src\rerelease\game\x64\release\m_shamjorg.obj
c:\program files (x86)\steam\steamapps\common\quake 2\rerelease\q1q2\src\rerelease\game\x64\release\m_wizard_prototype.obj
c:\program files (x86)\steam\steamapps\common\quake 2\rerelease\q1q2\src\rerelease\game\x64\release\g_rogue_combat.obj
c:\program files (x86)\steam\steamapps\common\quake 2\rerelease\q1q2\src\rerelease\game\x64\release\g_rogue_newweap.obj
c:\program files (x86)\steam\steamapps\common\quake 2\rerelease\q1q2\src\rerelease\game\x64\release\g_xatrix_func.obj
c:\program files (x86)\steam\steamapps\common\quake 2\rerelease\q1q2\src\rerelease\game\x64\release\bot_exports.obj
c:\program files (x86)\steam\steamapps\common\quake 2\rerelease\q1q2\src\rerelease\game\x64\release\g_monster.obj
c:\program files (x86)\steam\steamapps\common\quake 2\rerelease\q1q2\src\rerelease\game\x64\release\m_boss2.obj
c:\program files (x86)\steam\steamapps\common\quake 2\rerelease\q1q2\src\rerelease\game\x64\release\m_enforcer.obj
c:\program files (x86)\steam\steamapps\common\quake 2\rerelease\q1q2\src\rerelease\game\x64\release\m_guardian.obj
c:\program files (x86)\steam\steamapps\common\quake 2\rerelease\q1q2\src\rerelease\game\x64\release\m_knight.obj
c:\program files (x86)\steam\steamapps\common\quake 2\rerelease\q1q2\src\rerelease\game\x64\release\m_rotflyer.obj
c:\program files (x86)\steam\steamapps\common\quake 2\rerelease\q1q2\src\rerelease\game\x64\release\m_soldier_grunt_double.obj
c:\program files (x86)\steam\steamapps\common\quake 2\rerelease\q1q2\src\rerelease\game\x64\release\m_zombie_prototype.obj
c:\program files (x86)\steam\steamapps\common\quake 2\rerelease\q1q2\src\rerelease\game\x64\release\g_rogue_misc.obj
c:\program files (x86)\steam\steamapps\common\quake 2\rerelease\q1q2\src\rerelease\game\x64\release\m_rogue_carrier.obj
c:\program files (x86)\steam\steamapps\common\quake 2\rerelease\q1q2\src\rerelease\game\x64\release\g_xatrix_target.obj
c:\program files (x86)\steam\steamapps\common\quake 2\rerelease\q1q2\src\rerelease\game\x64\release\g_ai.obj
c:\program files (x86)\steam\steamapps\common\quake 2\rerelease\q1q2\src\rerelease\game\x64\release\g_spawn.obj
c:\program files (x86)\steam\steamapps\common\quake 2\rerelease\q1q2\src\rerelease\game\x64\release\m_boss32.obj
c:\program files (x86)\steam\steamapps\common\quake 2\rerelease\q1q2\src\rerelease\game\x64\release\m_fiend.obj
c:\program files (x86)\steam\steamapps\common\quake 2\rerelease\q1q2\src\rerelease\game\x64\release\m_hellknight.obj
c:\program files (x86)\steam\steamapps\common\quake 2\rerelease\q1q2\src\rerelease\game\x64\release\m_medic.obj
c:\program files (x86)\steam\steamapps\common\quake 2\rerelease\q1q2\src\rerelease\game\x64\release\m_shambler.obj
c:\program files (x86)\steam\steamapps\common\quake 2\rerelease\q1q2\src\rerelease\game\x64\release\m_supertank.obj
c:\program files (x86)\steam\steamapps\common\quake 2\rerelease\q1q2\src\rerelease\game\x64\release\p_trail.obj
c:\program files (x86)\steam\steamapps\common\quake 2\rerelease\q1q2\src\rerelease\game\x64\release\g_rogue_newfnc.obj
c:\program files (x86)\steam\steamapps\common\quake 2\rerelease\q1q2\src\rerelease\game\x64\release\m_rogue_widow2.obj
c:\program files (x86)\steam\steamapps\common\quake 2\rerelease\q1q2\src\rerelease\game\x64\release\p_xatrix_weapon.obj
c:\program files (x86)\steam\steamapps\common\quake 2\rerelease\q1q2\src\rerelease\game\x64\release\bot_debug.obj
c:\program files (x86)\steam\steamapps\common\quake 2\rerelease\q1q2\src\rerelease\game\x64\release\g_misc.obj
c:\program files (x86)\steam\steamapps\common\quake 2\rerelease\q1q2\src\rerelease\game\x64\release\m_boss3.obj
c:\program files (x86)\steam\steamapps\common\quake 2\rerelease\q1q2\src\rerelease\game\x64\release\m_enforcer_strogg.obj
c:\program files (x86)\steam\steamapps\common\quake 2\rerelease\q1q2\src\rerelease\game\x64\release\m_gunner.obj
c:\program files (x86)\steam\steamapps\common\quake 2\rerelease\q1q2\src\rerelease\game\x64\release\m_knight_prototype.obj
c:\program files (x86)\steam\steamapps\common\quake 2\rerelease\q1q2\src\rerelease\game\x64\release\m_shalrath.obj
c:\program files (x86)\steam\steamapps\common\quake 2\rerelease\q1q2\src\rerelease\game\x64\release\m_soldier_grunt_prototype.obj
c:\program files (x86)\steam\steamapps\common\quake 2\rerelease\q1q2\src\rerelease\game\x64\release\m_zombie_strogg.obj
c:\program files (x86)\steam\steamapps\common\quake 2\rerelease\q1q2\src\rerelease\game\x64\release\g_rogue_monster.obj
c:\program files (x86)\steam\steamapps\common\quake 2\rerelease\q1q2\src\rerelease\game\x64\release\m_rogue_stalker.obj
c:\program files (x86)\steam\steamapps\common\quake 2\rerelease\q1q2\src\rerelease\game\x64\release\g_xatrix_monster.obj
c:\program files (x86)\steam\steamapps\common\quake 2\rerelease\q1q2\src\rerelease\game\x64\release\bot_think.obj
c:\program files (x86)\steam\steamapps\common\quake 2\rerelease\q1q2\src\rerelease\game\x64\release\g_main.obj
c:\program files (x86)\steam\steamapps\common\quake 2\rerelease\q1q2\src\rerelease\game\x64\release\m_actor.obj
c:\program files (x86)\steam\steamapps\common\quake 2\rerelease\q1q2\src\rerelease\game\x64\release\m_enforcer_prototype.obj
c:\program files (x86)\steam\steamapps\common\quake 2\rerelease\q1q2\src\rerelease\game\x64\release\m_guncmdr.obj
c:\program files (x86)\steam\steamapps\common\quake 2\rerelease\q1q2\src\rerelease\game\x64\release\m_knight_strogg.obj
c:\program files (x86)\steam\steamapps\common\quake 2\rerelease\q1q2\src\rerelease\game\x64\release\m_shalrath_prototype.obj
c:\program files (x86)\steam\steamapps\common\quake 2\rerelease\q1q2\src\rerelease\game\x64\release\m_soldier_strogg.obj
c:\program files (x86)\steam\steamapps\common\quake 2\rerelease\q1q2\src\rerelease\game\x64\release\p_client.obj
c:\program files (x86)\steam\steamapps\common\quake 2\rerelease\q1q2\src\rerelease\game\x64\release\g_rogue_newdm.obj
c:\program files (x86)\steam\steamapps\common\quake 2\rerelease\q1q2\src\rerelease\game\x64\release\m_rogue_widow.obj
c:\program files (x86)\steam\steamapps\common\quake 2\rerelease\q1q2\src\rerelease\game\x64\release\m_xatrix_fixbot.obj
c:\program files (x86)\steam\steamapps\common\quake 2\rerelease\q1q2\src\rerelease\game\x64\release\g_ctf.obj
c:\program files (x86)\steam\steamapps\common\quake 2\rerelease\q1q2\src\rerelease\game\x64\release\g_trigger.obj
c:\program files (x86)\steam\steamapps\common\quake 2\rerelease\q1q2\src\rerelease\game\x64\release\m_chick.obj
c:\program files (x86)\steam\steamapps\common\quake 2\rerelease\q1q2\src\rerelease\game\x64\release\m_fish.obj
c:\program files (x86)\steam\steamapps\common\quake 2\rerelease\q1q2\src\rerelease\game\x64\release\m_hknight_prototype.obj
c:\program files (x86)\steam\steamapps\common\quake 2\rerelease\q1q2\src\rerelease\game\x64\release\m_mutantspawn.obj
c:\program files (x86)\steam\steamapps\common\quake 2\rerelease\q1q2\src\rerelease\game\x64\release\m_shambler_prototype.obj
c:\program files (x86)\steam\steamapps\common\quake 2\rerelease\q1q2\src\rerelease\game\x64\release\m_tank.obj
c:\program files (x86)\steam\steamapps\common\quake 2\rerelease\q1q2\src\rerelease\game\x64\release\p_view.obj
c:\program files (x86)\steam\steamapps\common\quake 2\rerelease\q1q2\src\rerelease\game\x64\release\g_rogue_newtarg.obj
c:\program files (x86)\steam\steamapps\common\quake 2\rerelease\q1q2\src\rerelease\game\x64\release\rogue_dm_ball.obj
c:\program files (x86)\steam\steamapps\common\quake 2\rerelease\q1q2\src\rerelease\game\x64\release\cg_screen.obj
c:\program files (x86)\steam\steamapps\common\quake 2\rerelease\q1q2\src\rerelease\game\x64\release\g_items.obj
c:\program files (x86)\steam\steamapps\common\quake 2\rerelease\q1q2\src\rerelease\game\x64\release\m_berserk.obj
c:\program files (x86)\steam\steamapps\common\quake 2\rerelease\q1q2\src\rerelease\game\x64\release\m_dog_prototype.obj
c:\program files (x86)\steam\steamapps\common\quake 2\rerelease\q1q2\src\rerelease\game\x64\release\m_gladiator.obj
c:\program files (x86)\steam\steamapps\common\quake 2\rerelease\q1q2\src\rerelease\game\x64\release\m_ironvore.obj
c:\program files (x86)\steam\steamapps\common\quake 2\rerelease\q1q2\src\rerelease\game\x64\release\m_parasite.obj
c:\program files (x86)\steam\steamapps\common\quake 2\rerelease\q1q2\src\rerelease\game\x64\release\m_soldier_grunt.obj
c:\program files (x86)\steam\steamapps\common\quake 2\rerelease\q1q2\src\rerelease\game\x64\release\m_zombie.obj
c:\program files (x86)\steam\steamapps\common\quake 2\rerelease\q1q2\src\rerelease\game\x64\release\g_rogue_items.obj
c:\program files (x86)\steam\steamapps\common\quake 2\rerelease\q1q2\src\rerelease\game\x64\release\g_rogue_utils.obj
c:\program files (x86)\steam\steamapps\common\quake 2\rerelease\q1q2\src\rerelease\game\x64\release\g_xatrix_weapon.obj
c:\program files (x86)\steam\steamapps\common\quake 2\rerelease\q1q2\src\rerelease\game\x64\release\p_ctf_menu.obj
c:\program files (x86)\steam\steamapps\common\quake 2\rerelease\q1q2\src\rerelease\game\x64\release\g_save.obj
c:\program files (x86)\steam\steamapps\common\quake 2\rerelease\q1q2\src\rerelease\game\x64\release\m_boss31.obj
c:\program files (x86)\steam\steamapps\common\quake 2\rerelease\q1q2\src\rerelease\game\x64\release\m_fiend_strogg.obj
c:\program files (x86)\steam\steamapps\common\quake 2\rerelease\q1q2\src\rerelease\game\x64\release\m_hknightberserker_strogg.obj
c:\program files (x86)\steam\steamapps\common\quake 2\rerelease\q1q2\src\rerelease\game\x64\release\m_move.obj
c:\program files (x86)\steam\steamapps\common\quake 2\rerelease\q1q2\src\rerelease\game\x64\release\m_shalrath_strogg.obj
c:\program files (x86)\steam\steamapps\common\quake 2\rerelease\q1q2\src\rerelease\game\x64\release\m_spawn.obj
c:\program files (x86)\steam\steamapps\common\quake 2\rerelease\q1q2\src\rerelease\game\x64\release\p_hud.obj
c:\program files (x86)\steam\steamapps\common\quake 2\rerelease\q1q2\src\rerelease\game\x64\release\g_rogue_newtrig.obj
c:\program files (x86)\steam\steamapps\common\quake 2\rerelease\q1q2\src\rerelease\game\x64\release\p_rogue_weapon.obj
c:\program files (x86)\steam\steamapps\common\quake 2\rerelease\q1q2\src\rerelease\game\x64\release\vc143.pdb
c:\program files (x86)\steam\steamapps\common\quake 2\rerelease\q1q2\src\game_x64.dll
c:\program files (x86)\steam\steamapps\common\quake 2\rerelease\q1q2\src\game_x64.pdb
c:\program files (x86)\steam\steamapps\common\quake 2\rerelease\q1q2\src\game_x64.lib
c:\program files (x86)\steam\steamapps\common\quake 2\rerelease\q1q2\src\game_x64.exp
c:\program files (x86)\steam\steamapps\common\quake 2\rerelease\q1q2\src\rerelease\game\x64\release\game_x64.ipdb
c:\program files (x86)\steam\steamapps\common\quake 2\rerelease\q1q2\src\rerelease\game\x64\release\game_x64.iobj
c:\program files (x86)\steam\steamapps\common\quake 2\rerelease\q1q2\src\rerelease\game\x64\release\game.tlog\cl.13996.write.1.tlog
c:\program files (x86)\steam\steamapps\common\quake 2\rerelease\q1q2\src\rerelease\game\x64\release\game.tlog\cl.command.1.tlog
c:\program files (x86)\steam\steamapps\common\quake 2\rerelease\q1q2\src\rerelease\game\x64\release\game.tlog\cl.items.tlog
c:\program files (x86)\steam\steamapps\common\quake 2\rerelease\q1q2\src\rerelease\game\x64\release\game.tlog\cl.read.1.tlog
c:\program files (x86)\steam\steamapps\common\quake 2\rerelease\q1q2\src\rerelease\game\x64\release\game.tlog\link.command.1.tlog
c:\program files (x86)\steam\steamapps\common\quake 2\rerelease\q1q2\src\rerelease\game\x64\release\game.tlog\link.read.1.tlog
c:\program files (x86)\steam\steamapps\common\quake 2\rerelease\q1q2\src\rerelease\game\x64\release\game.tlog\link.secondary.1.tlog
c:\program files (x86)\steam\steamapps\common\quake 2\rerelease\q1q2\src\rerelease\game\x64\release\game.tlog\link.write.1.tlog
