c:\program files (x86)\steam\steamapps\common\quake 2\rerelease\q1q2\src\rerelease\x64\debug\g_ctf.obj
c:\program files (x86)\steam\steamapps\common\quake 2\rerelease\q1q2\src\rerelease\x64\debug\g_trigger.obj
c:\program files (x86)\steam\steamapps\common\quake 2\rerelease\q1q2\src\rerelease\x64\debug\m_chick.obj
c:\program files (x86)\steam\steamapps\common\quake 2\rerelease\q1q2\src\rerelease\x64\debug\m_gunner.obj
c:\program files (x86)\steam\steamapps\common\quake 2\rerelease\q1q2\src\rerelease\x64\debug\m_parasite.obj
c:\program files (x86)\steam\steamapps\common\quake 2\rerelease\q1q2\src\rerelease\x64\debug\p_move.obj
c:\program files (x86)\steam\steamapps\common\quake 2\rerelease\q1q2\src\rerelease\x64\debug\g_rogue_monster.obj
c:\program files (x86)\steam\steamapps\common\quake 2\rerelease\q1q2\src\rerelease\x64\debug\m_rogue_stalker.obj
c:\program files (x86)\steam\steamapps\common\quake 2\rerelease\q1q2\src\rerelease\x64\debug\g_xatrix_weapon.obj
c:\program files (x86)\steam\steamapps\common\quake 2\rerelease\q1q2\src\rerelease\x64\debug\cg_main.obj
c:\program files (x86)\steam\steamapps\common\quake 2\rerelease\q1q2\src\rerelease\x64\debug\g_func.obj
c:\program files (x86)\steam\steamapps\common\quake 2\rerelease\q1q2\src\rerelease\x64\debug\g_weapon.obj
c:\program files (x86)\steam\steamapps\common\quake 2\rerelease\q1q2\src\rerelease\x64\debug\m_dog_strogg.obj
c:\program files (x86)\steam\steamapps\common\quake 2\rerelease\q1q2\src\rerelease\x64\debug\m_hknight_strogg.obj
c:\program files (x86)\steam\steamapps\common\quake 2\rerelease\q1q2\src\rerelease\x64\debug\m_shambler.obj
c:\program files (x86)\steam\steamapps\common\quake 2\rerelease\q1q2\src\rerelease\x64\debug\p_view.obj
c:\program files (x86)\steam\steamapps\common\quake 2\rerelease\q1q2\src\rerelease\x64\debug\g_rogue_newtrig.obj
c:\program files (x86)\steam\steamapps\common\quake 2\rerelease\q1q2\src\rerelease\x64\debug\rogue_dm_tag.obj
c:\program files (x86)\steam\steamapps\common\quake 2\rerelease\q1q2\src\rerelease\x64\debug\cg_screen.obj
c:\program files (x86)\steam\steamapps\common\quake 2\rerelease\q1q2\src\rerelease\x64\debug\g_items.obj
c:\program files (x86)\steam\steamapps\common\quake 2\rerelease\q1q2\src\rerelease\x64\debug\m_actor.obj
c:\program files (x86)\steam\steamapps\common\quake 2\rerelease\q1q2\src\rerelease\x64\debug\m_flyer.obj
c:\program files (x86)\steam\steamapps\common\quake 2\rerelease\q1q2\src\rerelease\x64\debug\m_medic.obj
c:\program files (x86)\steam\steamapps\common\quake 2\rerelease\q1q2\src\rerelease\x64\debug\m_wizard_strogg.obj
c:\program files (x86)\steam\steamapps\common\quake 2\rerelease\q1q2\src\rerelease\x64\debug\g_rogue_func.obj
c:\program files (x86)\steam\steamapps\common\quake 2\rerelease\q1q2\src\rerelease\x64\debug\g_rogue_utils.obj
c:\program files (x86)\steam\steamapps\common\quake 2\rerelease\q1q2\src\rerelease\x64\debug\g_xatrix_items.obj
c:\program files (x86)\steam\steamapps\common\quake 2\rerelease\q1q2\src\rerelease\x64\debug\p_ctf_menu.obj
c:\program files (x86)\steam\steamapps\common\quake 2\rerelease\q1q2\src\rerelease\x64\debug\g_save.obj
c:\program files (x86)\steam\steamapps\common\quake 2\rerelease\q1q2\src\rerelease\x64\debug\m_boss32.obj
c:\program files (x86)\steam\steamapps\common\quake 2\rerelease\q1q2\src\rerelease\x64\debug\m_guardian.obj
c:\program files (x86)\steam\steamapps\common\quake 2\rerelease\q1q2\src\rerelease\x64\debug\m_ogre_shotgun_strogg.obj
c:\program files (x86)\steam\steamapps\common\quake 2\rerelease\q1q2\src\rerelease\x64\debug\p_hud.obj
c:\program files (x86)\steam\steamapps\common\quake 2\rerelease\q1q2\src\rerelease\x64\debug\g_rogue_newfnc.obj
c:\program files (x86)\steam\steamapps\common\quake 2\rerelease\q1q2\src\rerelease\x64\debug\m_rogue_widow2.obj
c:\program files (x86)\steam\steamapps\common\quake 2\rerelease\q1q2\src\rerelease\x64\debug\p_xatrix_weapon.obj
c:\program files (x86)\steam\steamapps\common\quake 2\rerelease\q1q2\src\rerelease\x64\debug\g_cmds.obj
c:\program files (x86)\steam\steamapps\common\quake 2\rerelease\q1q2\src\rerelease\x64\debug\g_svcmds.obj
c:\program files (x86)\steam\steamapps\common\quake 2\rerelease\q1q2\src\rerelease\x64\debug\m_berserk.obj
c:\program files (x86)\steam\steamapps\common\quake 2\rerelease\q1q2\src\rerelease\x64\debug\m_fiend_strogg.obj
c:\program files (x86)\steam\steamapps\common\quake 2\rerelease\q1q2\src\rerelease\x64\debug\m_insane.obj
c:\program files (x86)\steam\steamapps\common\quake 2\rerelease\q1q2\src\rerelease\x64\debug\m_supertank.obj
c:\program files (x86)\steam\steamapps\common\quake 2\rerelease\q1q2\src\rerelease\x64\debug\g_rogue_items.obj
c:\program files (x86)\steam\steamapps\common\quake 2\rerelease\q1q2\src\rerelease\x64\debug\g_rogue_sphere.obj
c:\program files (x86)\steam\steamapps\common\quake 2\rerelease\q1q2\src\rerelease\x64\debug\g_xatrix_monster.obj
c:\program files (x86)\steam\steamapps\common\quake 2\rerelease\q1q2\src\rerelease\x64\debug\g_combat.obj
c:\program files (x86)\steam\steamapps\common\quake 2\rerelease\q1q2\src\rerelease\x64\debug\g_misc_q1q2.obj
c:\program files (x86)\steam\steamapps\common\quake 2\rerelease\q1q2\src\rerelease\x64\debug\g_turret.obj
c:\program files (x86)\steam\steamapps\common\quake 2\rerelease\q1q2\src\rerelease\x64\debug\m_dog_strogg_old.obj
c:\program files (x86)\steam\steamapps\common\quake 2\rerelease\q1q2\src\rerelease\x64\debug\m_hover.obj
c:\program files (x86)\steam\steamapps\common\quake 2\rerelease\q1q2\src\rerelease\x64\debug\m_shambler_strogg.obj
c:\program files (x86)\steam\steamapps\common\quake 2\rerelease\q1q2\src\rerelease\x64\debug\q_std.obj
c:\program files (x86)\steam\steamapps\common\quake 2\rerelease\q1q2\src\rerelease\x64\debug\g_rogue_newweap.obj
c:\program files (x86)\steam\steamapps\common\quake 2\rerelease\q1q2\src\rerelease\x64\debug\p_rogue_weapon.obj
c:\program files (x86)\steam\steamapps\common\quake 2\rerelease\q1q2\src\rerelease\x64\debug\bot_utils.obj
c:\program files (x86)\steam\steamapps\common\quake 2\rerelease\q1q2\src\rerelease\x64\debug\g_target.obj
c:\program files (x86)\steam\steamapps\common\quake 2\rerelease\q1q2\src\rerelease\x64\debug\m_brain.obj
c:\program files (x86)\steam\steamapps\common\quake 2\rerelease\q1q2\src\rerelease\x64\debug\m_guncmdr.obj
c:\program files (x86)\steam\steamapps\common\quake 2\rerelease\q1q2\src\rerelease\x64\debug\m_ogrestrogg.obj
c:\program files (x86)\steam\steamapps\common\quake 2\rerelease\q1q2\src\rerelease\x64\debug\m_zombie_strogg.obj
c:\program files (x86)\steam\steamapps\common\quake 2\rerelease\q1q2\src\rerelease\x64\debug\g_rogue_newai.obj
c:\program files (x86)\steam\steamapps\common\quake 2\rerelease\q1q2\src\rerelease\x64\debug\m_rogue_widow.obj
c:\program files (x86)\steam\steamapps\common\quake 2\rerelease\q1q2\src\rerelease\x64\debug\m_xatrix_gekk.obj
c:\program files (x86)\steam\steamapps\common\quake 2\rerelease\q1q2\src\rerelease\x64\debug\g_ai.obj
c:\program files (x86)\steam\steamapps\common\quake 2\rerelease\q1q2\src\rerelease\x64\debug\g_spawn.obj
c:\program files (x86)\steam\steamapps\common\quake 2\rerelease\q1q2\src\rerelease\x64\debug\m_boss31.obj
c:\program files (x86)\steam\steamapps\common\quake 2\rerelease\q1q2\src\rerelease\x64\debug\m_gladiator.obj
c:\program files (x86)\steam\steamapps\common\quake 2\rerelease\q1q2\src\rerelease\x64\debug\m_mutant.obj
c:\program files (x86)\steam\steamapps\common\quake 2\rerelease\q1q2\src\rerelease\x64\debug\p_client.obj
c:\program files (x86)\steam\steamapps\common\quake 2\rerelease\q1q2\src\rerelease\x64\debug\g_rogue_newdm.obj
c:\program files (x86)\steam\steamapps\common\quake 2\rerelease\q1q2\src\rerelease\x64\debug\m_rogue_turret.obj
c:\program files (x86)\steam\steamapps\common\quake 2\rerelease\q1q2\src\rerelease\x64\debug\m_xatrix_fixbot.obj
c:\program files (x86)\steam\steamapps\common\quake 2\rerelease\q1q2\src\rerelease\x64\debug\bot_exports.obj
c:\program files (x86)\steam\steamapps\common\quake 2\rerelease\q1q2\src\rerelease\x64\debug\g_phys.obj
c:\program files (x86)\steam\steamapps\common\quake 2\rerelease\q1q2\src\rerelease\x64\debug\g_utils.obj
c:\program files (x86)\steam\steamapps\common\quake 2\rerelease\q1q2\src\rerelease\x64\debug\m_chtjor.obj
c:\program files (x86)\steam\steamapps\common\quake 2\rerelease\q1q2\src\rerelease\x64\debug\m_hknightberserker_strogg.obj
c:\program files (x86)\steam\steamapps\common\quake 2\rerelease\q1q2\src\rerelease\x64\debug\m_shalrath_strogg.obj
c:\program files (x86)\steam\steamapps\common\quake 2\rerelease\q1q2\src\rerelease\x64\debug\p_trail.obj
c:\program files (x86)\steam\steamapps\common\quake 2\rerelease\q1q2\src\rerelease\x64\debug\g_rogue_newtarg.obj
c:\program files (x86)\steam\steamapps\common\quake 2\rerelease\q1q2\src\rerelease\x64\debug\g_xatrix_func.obj
c:\program files (x86)\steam\steamapps\common\quake 2\rerelease\q1q2\src\rerelease\x64\debug\bot_debug.obj
c:\program files (x86)\steam\steamapps\common\quake 2\rerelease\q1q2\src\rerelease\x64\debug\g_misc.obj
c:\program files (x86)\steam\steamapps\common\quake 2\rerelease\q1q2\src\rerelease\x64\debug\m_boss3.obj
c:\program files (x86)\steam\steamapps\common\quake 2\rerelease\q1q2\src\rerelease\x64\debug\m_flipper.obj
c:\program files (x86)\steam\steamapps\common\quake 2\rerelease\q1q2\src\rerelease\x64\debug\m_knight_strogg.obj
c:\program files (x86)\steam\steamapps\common\quake 2\rerelease\q1q2\src\rerelease\x64\debug\m_soldier.obj
c:\program files (x86)\steam\steamapps\common\quake 2\rerelease\q1q2\src\rerelease\x64\debug\g_rogue_combat.obj
c:\program files (x86)\steam\steamapps\common\quake 2\rerelease\q1q2\src\rerelease\x64\debug\g_rogue_phys.obj
c:\program files (x86)\steam\steamapps\common\quake 2\rerelease\q1q2\src\rerelease\x64\debug\rogue_dm_ball.obj
c:\program files (x86)\steam\steamapps\common\quake 2\rerelease\q1q2\src\rerelease\x64\debug\bot_think.obj
c:\program files (x86)\steam\steamapps\common\quake 2\rerelease\q1q2\src\rerelease\x64\debug\g_main.obj
c:\program files (x86)\steam\steamapps\common\quake 2\rerelease\q1q2\src\rerelease\x64\debug\m_boss2.obj
c:\program files (x86)\steam\steamapps\common\quake 2\rerelease\q1q2\src\rerelease\x64\debug\m_float.obj
c:\program files (x86)\steam\steamapps\common\quake 2\rerelease\q1q2\src\rerelease\x64\debug\m_move.obj
c:\program files (x86)\steam\steamapps\common\quake 2\rerelease\q1q2\src\rerelease\x64\debug\m_tank.obj
c:\program files (x86)\steam\steamapps\common\quake 2\rerelease\q1q2\src\rerelease\x64\debug\g_rogue_misc.obj
c:\program files (x86)\steam\steamapps\common\quake 2\rerelease\q1q2\src\rerelease\x64\debug\m_rogue_carrier.obj
c:\program files (x86)\steam\steamapps\common\quake 2\rerelease\q1q2\src\rerelease\x64\debug\g_xatrix_target.obj
c:\program files (x86)\steam\steamapps\common\quake 2\rerelease\q1q2\src\rerelease\x64\debug\g_chase.obj
c:\program files (x86)\steam\steamapps\common\quake 2\rerelease\q1q2\src\rerelease\x64\debug\g_monster.obj
c:\program files (x86)\steam\steamapps\common\quake 2\rerelease\q1q2\src\rerelease\x64\debug\m_arachnid.obj
c:\program files (x86)\steam\steamapps\common\quake 2\rerelease\q1q2\src\rerelease\x64\debug\m_enforcer_strogg.obj
c:\program files (x86)\steam\steamapps\common\quake 2\rerelease\q1q2\src\rerelease\x64\debug\m_infantry.obj
c:\program files (x86)\steam\steamapps\common\quake 2\rerelease\q1q2\src\rerelease\x64\debug\m_soldier_strogg.obj
c:\program files (x86)\steam\steamapps\common\quake 2\rerelease\q1q2\src\rerelease\x64\debug\p_weapon.obj
c:\program files (x86)\steam\steamapps\common\quake 2\rerelease\q1q2\src\rerelease\x64\debug\g_rogue_spawn.obj
c:\program files (x86)\steam\steamapps\common\quake 2\rerelease\q1q2\src\rerelease\x64\debug\g_xatrix_misc.obj
c:\program files (x86)\steam\steamapps\common\quake 2\rerelease\q1q2\src\rerelease\x64\debug\vc143.pdb
c:\program files (x86)\steam\steamapps\common\quake 2\rerelease\q1q2\src\rerelease\x64\debug\vc143.idb
c:\program files (x86)\steam\steamapps\common\quake 2\rerelease\q1q2\src\rerelease\x64\debug\game.tlog\cl.12764.write.1.tlog
c:\program files (x86)\steam\steamapps\common\quake 2\rerelease\q1q2\src\rerelease\x64\debug\game.tlog\cl.command.1.tlog
c:\program files (x86)\steam\steamapps\common\quake 2\rerelease\q1q2\src\rerelease\x64\debug\game.tlog\cl.read.1.tlog
c:\program files (x86)\steam\steamapps\common\quake 2\rerelease\q1q2\src\rerelease\x64\debug\game.tlog\link-cvtres.read.1.tlog
c:\program files (x86)\steam\steamapps\common\quake 2\rerelease\q1q2\src\rerelease\x64\debug\game.tlog\link-cvtres.write.1.tlog
c:\program files (x86)\steam\steamapps\common\quake 2\rerelease\q1q2\src\rerelease\x64\debug\game.tlog\link-rc.read.1.tlog
c:\program files (x86)\steam\steamapps\common\quake 2\rerelease\q1q2\src\rerelease\x64\debug\game.tlog\link-rc.write.1.tlog
c:\program files (x86)\steam\steamapps\common\quake 2\rerelease\q1q2\src\rerelease\x64\debug\game.tlog\link.command.1.tlog
c:\program files (x86)\steam\steamapps\common\quake 2\rerelease\q1q2\src\rerelease\x64\debug\game.tlog\link.read.1.tlog
c:\program files (x86)\steam\steamapps\common\quake 2\rerelease\q1q2\src\rerelease\x64\debug\game.tlog\link.read.2.tlog
c:\program files (x86)\steam\steamapps\common\quake 2\rerelease\q1q2\src\rerelease\x64\debug\game.tlog\link.write.1.tlog
